// Vitest Snapshot v1, https://vitest.dev/guide/snapshot.html

exports[`ReadProgress > should render component 1`] = `
<div
  class="read-progress-container"
  data-v-38d9cd48=""
>
  <span
    class="with-shadow read-progress-bar"
    data-v-38d9cd48=""
    style="width: 0%; color: var(--p-primary-color); height: 4px; opacity: 1; background-color: var(--p-primary-color);"
  />
</div>
`;
