// Vitest Snapshot v1, https://vitest.dev/guide/snapshot.html

exports[`Tags > should render component 1`] = `
<div
  class="px-6 pt-4 pb-2"
>
  
  <span
    class="inline-block bg-gray-200 rounded-full px-3 py-1 text-sm font-semibold text-gray-700 mr-2 mb-2"
  >
    #vue
  </span>
  <span
    class="inline-block bg-gray-200 rounded-full px-3 py-1 text-sm font-semibold text-gray-700 mr-2 mb-2"
  >
    #javascript
  </span>
  <span
    class="inline-block bg-gray-200 rounded-full px-3 py-1 text-sm font-semibold text-gray-700 mr-2 mb-2"
  >
    #testing
  </span>
  
</div>
`;
